../Core/Src/verishot_lexer.c:19:16:IsLetter	16	static
../Core/Src/verishot_lexer.c:31:16:IsDigit	16	static
../Core/Src/verishot_lexer.c:42:16:IsAlphaNumeric	16	static
../Core/Src/verishot_lexer.c:53:16:IsIdentifierStart	16	static
../Core/Src/verishot_lexer.c:64:16:IsIdentifierPart	16	static
../Core/Src/verishot_lexer.c:79:13:Lexer_CurrentChar	16	static
../Core/Src/verishot_lexer.c:89:13:Lexer_PeekChar	16	static
../Core/Src/verishot_lexer.c:104:13:Lexer_Advance	24	static
../Core/Src/verishot_lexer.c:126:20:Lexer_AddToken	32	static
../Core/Src/verishot_lexer.c:163:18:Lexer_CheckKeyword	16	static
../Core/Src/verishot_lexer.c:188:20:Lexer_ReadIdentifier	48	static
../Core/Src/verishot_lexer.c:246:20:Lexer_ReadConstant	32	static
../Core/Src/verishot_lexer.c:313:13:Lexer_SkipWhitespace	24	static
../Core/Src/verishot_lexer.c:338:13:Lexer_SkipComment	16	static
../Core/Src/verishot_lexer.c:358:6:Lexer_Init	16	static
../Core/Src/verishot_lexer.c:386:13:Lexer_Tokenize	32	static
../Core/Src/verishot_lexer.c:642:13:Lexer_TokenTypeToString	16	static
../Core/Src/verishot_lexer.c:709:6:Lexer_PrintTokens	40	static
